<?php return array (
  0 => 'Symfony\\Bundle\\FrameworkBundle\\Controller\\AbstractController',
  1 => 'App\\Controller\\AnalyticGroupController',
  2 => 'App\\Controller\\CalculationController',
  3 => 'App\\Controller\\DepartmentController',
  4 => 'App\\Controller\\DocumentController',
  5 => 'App\\Controller\\FinanceGroupController',
  6 => 'App\\Controller\\HomeController',
  7 => 'App\\Controller\\MaterialController',
  8 => 'App\\Controller\\MaterialNormController',
  9 => 'App\\Controller\\NormDocumentController',
  10 => 'App\\Controller\\ProductCategoryController',
  11 => 'App\\Controller\\ProductController',
  12 => 'App\\Controller\\ProductGroupController',
  13 => 'App\\Controller\\ProductKindController',
  14 => 'App\\Controller\\ProductTypeController',
  15 => 'App\\Controller\\ProductionPlanController',
  16 => 'App\\Controller\\RenditionController',
  17 => 'App\\Controller\\SecurityController',
  18 => 'App\\Controller\\SpecificationController',
  19 => 'App\\Controller\\SpecificationSectionController',
  20 => 'App\\Controller\\StructureController',
  21 => 'App\\Controller\\TechnologicalOperationController',
  22 => 'App\\Controller\\TrackController',
  23 => 'App\\Controller\\TrackDocumentController',
  24 => 'App\\Controller\\UnitController',
  25 => 'App\\Controller\\UserController',
  26 => 'App\\Entity\\AnalyticGroup',
  27 => 'App\\Entity\\Calculation',
  28 => 'App\\Entity\\Comment',
  29 => 'App\\Entity\\Department',
  30 => 'App\\Entity\\FinanceGroup',
  31 => 'App\\Entity\\MaterialNorm',
  32 => 'App\\Entity\\MaterialNormReplacement',
  33 => 'App\\Entity\\NormDocument',
  34 => 'App\\Entity\\Product',
  35 => 'App\\Entity\\ProductCategory',
  36 => 'App\\Entity\\ProductGroup',
  37 => 'App\\Entity\\ProductKind',
  38 => 'App\\Entity\\ProductType',
  39 => 'App\\Entity\\ProductionPlan',
  40 => 'App\\Entity\\Rendition',
  41 => 'App\\Entity\\Specification',
  42 => 'App\\Entity\\Structure',
  43 => 'App\\Entity\\StructureReplacement',
  44 => 'App\\Entity\\TechnologicalOperation',
  45 => 'App\\Entity\\Track',
  46 => 'App\\Entity\\TrackDocument',
  47 => 'App\\Entity\\Unit',
  48 => 'App\\Entity\\User',
  49 => 'Doctrine\\Bundle\\DoctrineBundle\\Controller\\ProfilerController',
  50 => 'Doctrine\\ORM\\Cache\\Persister\\Entity\\AbstractEntityPersister',
  51 => 'Doctrine\\ORM\\Cache\\Persister\\Entity\\CachedEntityPersister',
  52 => 'Doctrine\\ORM\\Cache\\Persister\\Entity\\NonStrictReadWriteCachedEntityPersister',
  53 => 'Doctrine\\ORM\\Cache\\Persister\\Entity\\ReadOnlyCachedEntityPersister',
  54 => 'Doctrine\\ORM\\Cache\\Persister\\Entity\\ReadWriteCachedEntityPersister',
  55 => 'Doctrine\\ORM\\Persisters\\Entity\\AbstractEntityInheritancePersister',
  56 => 'Doctrine\\ORM\\Persisters\\Entity\\BasicEntityPersister',
  57 => 'Doctrine\\ORM\\Persisters\\Entity\\CachedPersisterContext',
  58 => 'Doctrine\\ORM\\Persisters\\Entity\\EntityPersister',
  59 => 'Doctrine\\ORM\\Persisters\\Entity\\JoinedSubclassPersister',
  60 => 'Doctrine\\ORM\\Persisters\\Entity\\SingleTablePersister',
  61 => 'FOS\\JsRoutingBundle\\Controller\\Controller',
  63 => 'Symfony\\Bundle\\FrameworkBundle\\Controller\\ControllerResolver',
  64 => 'Symfony\\Bundle\\FrameworkBundle\\Controller\\RedirectController',
  65 => 'Symfony\\Bundle\\FrameworkBundle\\Controller\\TemplateController',
  66 => 'Symfony\\Bundle\\WebProfilerBundle\\Controller\\ExceptionPanelController',
  67 => 'Symfony\\Bundle\\WebProfilerBundle\\Controller\\ProfilerController',
  68 => 'Symfony\\Bundle\\WebProfilerBundle\\Controller\\RouterController',
  69 => 'Symfony\\Component\\HttpKernel\\Controller\\ArgumentResolver',
  70 => 'Symfony\\Component\\HttpKernel\\Controller\\ArgumentResolverInterface',
  71 => 'Symfony\\Component\\HttpKernel\\Controller\\ArgumentResolver\\DefaultValueResolver',
  72 => 'Symfony\\Component\\HttpKernel\\Controller\\ArgumentResolver\\NotTaggedControllerValueResolver',
  73 => 'Symfony\\Component\\HttpKernel\\Controller\\ArgumentResolver\\RequestAttributeValueResolver',
  74 => 'Symfony\\Component\\HttpKernel\\Controller\\ArgumentResolver\\RequestValueResolver',
  75 => 'Symfony\\Component\\HttpKernel\\Controller\\ArgumentResolver\\ServiceValueResolver',
  76 => 'Symfony\\Component\\HttpKernel\\Controller\\ArgumentResolver\\SessionValueResolver',
  77 => 'Symfony\\Component\\HttpKernel\\Controller\\ArgumentResolver\\TraceableValueResolver',
  78 => 'Symfony\\Component\\HttpKernel\\Controller\\ArgumentResolver\\VariadicValueResolver',
  79 => 'Symfony\\Component\\HttpKernel\\Controller\\ArgumentValueResolverInterface',
  80 => 'Symfony\\Component\\HttpKernel\\Controller\\ContainerControllerResolver',
  81 => 'Symfony\\Component\\HttpKernel\\Controller\\ControllerReference',
  82 => 'Symfony\\Component\\HttpKernel\\Controller\\ControllerResolver',
  83 => 'Symfony\\Component\\HttpKernel\\Controller\\ControllerResolverInterface',
  84 => 'Symfony\\Component\\HttpKernel\\Controller\\ErrorController',
  85 => 'Symfony\\Component\\HttpKernel\\Controller\\TraceableArgumentResolver',
  86 => 'Symfony\\Component\\HttpKernel\\Controller\\TraceableControllerResolver',
  87 => 'Symfony\\Component\\Security\\Http\\Controller\\UserValueResolver',
);